renderer params: 81,899 (cuda)
[livevis] http://localhost:8020/ 에서 실시간으로 확인하세요
ep 0 step 50/1500 loss 0.0003 err 0.00040 (40s)
ep 0 step 100/1500 loss 0.0005 err 0.00067 (56s)
ep 0 step 150/1500 loss 0.0003 err 0.00048 (72s)
== epoch 0 val disagreement 0.00040 (max 0.00102)
ep 1 step 200/1500 loss 0.0004 err 0.00057 (136s)
ep 1 step 250/1500 loss 0.0003 err 0.00039 (152s)
ep 1 step 300/1500 loss 0.0003 err 0.00043 (168s)
== epoch 1 val disagreement 0.00042 (max 0.00101)
ep 2 step 350/1500 loss 0.0004 err 0.00064 (185s)
ep 2 step 400/1500 loss 0.0004 err 0.00050 (201s)
ep 2 step 450/1500 loss 0.0003 err 0.00035 (217s)
== epoch 2 val disagreement 0.00039 (max 0.00076)
ep 3 step 500/1500 loss 0.0003 err 0.00039 (234s)
ep 3 step 550/1500 loss 0.0004 err 0.00057 (251s)
ep 3 step 600/1500 loss 0.0003 err 0.00047 (267s)
== epoch 3 val disagreement 0.00037 (max 0.00060)
ep 4 step 650/1500 loss 0.0003 err 0.00039 (284s)
ep 4 step 700/1500 loss 0.0003 err 0.00039 (300s)
ep 4 step 750/1500 loss 0.0003 err 0.00037 (316s)
== epoch 4 val disagreement 0.00038 (max 0.00061)
ep 5 step 800/1500 loss 0.0009 err 0.00047 (333s)
ep 5 step 850/1500 loss 0.0008 err 0.00036 (349s)
ep 5 step 900/1500 loss 0.0008 err 0.00043 (366s)
== epoch 5 val disagreement 0.00042 (max 0.00064)
ep 6 step 950/1500 loss 0.0008 err 0.00040 (383s)
ep 6 step 1000/1500 loss 0.0006 err 0.00033 (399s)
ep 6 step 1050/1500 loss 0.0006 err 0.00031 (415s)
== epoch 6 val disagreement 0.00035 (max 0.00060)
ep 7 step 1100/1500 loss 0.0007 err 0.00047 (432s)
ep 7 step 1150/1500 loss 0.0006 err 0.00032 (448s)
ep 7 step 1200/1500 loss 0.0005 err 0.00035 (465s)
== epoch 7 val disagreement 0.00032 (max 0.00049)
ep 8 step 1250/1500 loss 0.0006 err 0.00038 (482s)
ep 8 step 1300/1500 loss 0.0005 err 0.00038 (498s)
ep 8 step 1350/1500 loss 0.0004 err 0.00034 (514s)
== epoch 8 val disagreement 0.00032 (max 0.00054)
ep 9 step 1400/1500 loss 0.0003 err 0.00023 (531s)
ep 9 step 1450/1500 loss 0.0004 err 0.00031 (547s)
ep 9 step 1500/1500 loss 0.0004 err 0.00037 (563s)
== epoch 9 val disagreement 0.00030 (max 0.00050)
== 전체 600장 disagreement 0.000325 → seg 항 0.0325
