renderer params: 81,899 (cuda)
[livevis] http://localhost:8020/ 에서 실시간으로 확인하세요
ep 0 step 50/1500 loss 0.0003 err 0.00039 (39s)
ep 0 step 100/1500 loss 0.0005 err 0.00073 (55s)
ep 0 step 150/1500 loss 0.0003 err 0.00040 (71s)
== epoch 0 val disagreement 0.00037 (max 0.00073)
ep 1 step 200/1500 loss 0.0004 err 0.00061 (135s)
ep 1 step 250/1500 loss 0.0003 err 0.00044 (151s)
ep 1 step 300/1500 loss 0.0003 err 0.00042 (167s)
== epoch 1 val disagreement 0.00038 (max 0.00068)
ep 2 step 350/1500 loss 0.0004 err 0.00050 (184s)
ep 2 step 400/1500 loss 0.0003 err 0.00047 (200s)
ep 2 step 450/1500 loss 0.0003 err 0.00035 (216s)
== epoch 2 val disagreement 0.00039 (max 0.00086)
ep 3 step 500/1500 loss 0.0003 err 0.00037 (233s)
ep 3 step 550/1500 loss 0.0004 err 0.00054 (250s)
ep 3 step 600/1500 loss 0.0003 err 0.00042 (266s)
== epoch 3 val disagreement 0.00039 (max 0.00066)
ep 4 step 650/1500 loss 0.0003 err 0.00034 (283s)
ep 4 step 700/1500 loss 0.0003 err 0.00039 (299s)
ep 4 step 750/1500 loss 0.0003 err 0.00040 (315s)
== epoch 4 val disagreement 0.00037 (max 0.00064)
ep 5 step 800/1500 loss 0.0009 err 0.00044 (332s)
ep 5 step 850/1500 loss 0.0008 err 0.00036 (349s)
ep 5 step 900/1500 loss 0.0007 err 0.00037 (365s)
== epoch 5 val disagreement 0.00035 (max 0.00062)
ep 6 step 950/1500 loss 0.0008 err 0.00040 (382s)
ep 6 step 1000/1500 loss 0.0006 err 0.00035 (398s)
ep 6 step 1050/1500 loss 0.0005 err 0.00032 (414s)
== epoch 6 val disagreement 0.00034 (max 0.00058)
ep 7 step 1100/1500 loss 0.0007 err 0.00044 (431s)
ep 7 step 1150/1500 loss 0.0006 err 0.00032 (447s)
ep 7 step 1200/1500 loss 0.0005 err 0.00033 (464s)
== epoch 7 val disagreement 0.00032 (max 0.00057)
ep 8 step 1250/1500 loss 0.0005 err 0.00036 (481s)
ep 8 step 1300/1500 loss 0.0005 err 0.00034 (497s)
ep 8 step 1350/1500 loss 0.0004 err 0.00031 (513s)
== epoch 8 val disagreement 0.00032 (max 0.00058)
ep 9 step 1400/1500 loss 0.0003 err 0.00022 (530s)
ep 9 step 1450/1500 loss 0.0004 err 0.00028 (546s)
ep 9 step 1500/1500 loss 0.0004 err 0.00036 (562s)
== epoch 9 val disagreement 0.00030 (max 0.00055)
== 전체 600장 disagreement 0.000314 → seg 항 0.0314
