renderer params: 81,899 (cuda)
[livevis] http://localhost:8020/ 에서 실시간으로 확인하세요
ep 0 step 50/1500 loss 0.0003 err 0.00030 (40s)
ep 0 step 100/1500 loss 0.0004 err 0.00068 (56s)
ep 0 step 150/1500 loss 0.0003 err 0.00036 (71s)
== epoch 0 val disagreement 0.00035 (max 0.00054)
ep 1 step 200/1500 loss 0.0004 err 0.00050 (133s)
ep 1 step 250/1500 loss 0.0003 err 0.00037 (149s)
ep 1 step 300/1500 loss 0.0003 err 0.00033 (165s)
== epoch 1 val disagreement 0.00030 (max 0.00055)
ep 2 step 350/1500 loss 0.0003 err 0.00043 (181s)
ep 2 step 400/1500 loss 0.0003 err 0.00038 (197s)
ep 2 step 450/1500 loss 0.0002 err 0.00028 (214s)
== epoch 2 val disagreement 0.00033 (max 0.00068)
ep 3 step 500/1500 loss 0.0003 err 0.00028 (230s)
ep 3 step 550/1500 loss 0.0003 err 0.00047 (247s)
ep 3 step 600/1500 loss 0.0003 err 0.00039 (263s)
== epoch 3 val disagreement 0.00033 (max 0.00052)
ep 4 step 650/1500 loss 0.0003 err 0.00032 (279s)
ep 4 step 700/1500 loss 0.0003 err 0.00031 (296s)
ep 4 step 750/1500 loss 0.0003 err 0.00032 (312s)
== epoch 4 val disagreement 0.00031 (max 0.00060)
ep 5 step 800/1500 loss 0.0009 err 0.00045 (329s)
ep 5 step 850/1500 loss 0.0007 err 0.00035 (345s)
ep 5 step 900/1500 loss 0.0007 err 0.00036 (361s)
== epoch 5 val disagreement 0.00034 (max 0.00051)
ep 6 step 950/1500 loss 0.0007 err 0.00036 (378s)
ep 6 step 1000/1500 loss 0.0005 err 0.00029 (394s)
ep 6 step 1050/1500 loss 0.0005 err 0.00024 (410s)
== epoch 6 val disagreement 0.00030 (max 0.00053)
ep 7 step 1100/1500 loss 0.0006 err 0.00034 (427s)
ep 7 step 1150/1500 loss 0.0005 err 0.00029 (443s)
ep 7 step 1200/1500 loss 0.0004 err 0.00027 (459s)
== epoch 7 val disagreement 0.00027 (max 0.00047)
ep 8 step 1250/1500 loss 0.0005 err 0.00031 (475s)
ep 8 step 1300/1500 loss 0.0004 err 0.00031 (491s)
ep 8 step 1350/1500 loss 0.0004 err 0.00027 (507s)
== epoch 8 val disagreement 0.00026 (max 0.00043)
ep 9 step 1400/1500 loss 0.0003 err 0.00017 (524s)
ep 9 step 1450/1500 loss 0.0003 err 0.00025 (540s)
ep 9 step 1500/1500 loss 0.0004 err 0.00029 (556s)
== epoch 9 val disagreement 0.00025 (max 0.00045)
== 전체 600장 disagreement 0.000261 → seg 항 0.0261
