renderer params: 81,899 (cuda)
[livevis] http://localhost:8020/ 에서 실시간으로 확인하세요
ep 0 step 50/1500 loss 0.0003 err 0.00031 (38s)
ep 0 step 100/1500 loss 0.0004 err 0.00053 (54s)
ep 0 step 150/1500 loss 0.0003 err 0.00038 (70s)
== epoch 0 val disagreement 0.00034 (max 0.00078)
ep 1 step 200/1500 loss 0.0004 err 0.00046 (132s)
ep 1 step 250/1500 loss 0.0003 err 0.00038 (149s)
ep 1 step 300/1500 loss 0.0003 err 0.00033 (165s)
== epoch 1 val disagreement 0.00032 (max 0.00059)
ep 2 step 350/1500 loss 0.0003 err 0.00041 (182s)
ep 2 step 400/1500 loss 0.0003 err 0.00039 (198s)
ep 2 step 450/1500 loss 0.0002 err 0.00029 (214s)
== epoch 2 val disagreement 0.00038 (max 0.00061)
ep 3 step 500/1500 loss 0.0003 err 0.00030 (231s)
ep 3 step 550/1500 loss 0.0003 err 0.00045 (247s)
ep 3 step 600/1500 loss 0.0003 err 0.00043 (264s)
== epoch 3 val disagreement 0.00031 (max 0.00047)
ep 4 step 650/1500 loss 0.0002 err 0.00027 (280s)
ep 4 step 700/1500 loss 0.0003 err 0.00030 (297s)
ep 4 step 750/1500 loss 0.0002 err 0.00029 (313s)
== epoch 4 val disagreement 0.00030 (max 0.00049)
ep 5 step 800/1500 loss 0.0008 err 0.00038 (330s)
ep 5 step 850/1500 loss 0.0006 err 0.00027 (346s)
ep 5 step 900/1500 loss 0.0007 err 0.00033 (362s)
== epoch 5 val disagreement 0.00030 (max 0.00046)
ep 6 step 950/1500 loss 0.0007 err 0.00034 (379s)
ep 6 step 1000/1500 loss 0.0005 err 0.00030 (395s)
ep 6 step 1050/1500 loss 0.0005 err 0.00024 (412s)
== epoch 6 val disagreement 0.00027 (max 0.00047)
ep 7 step 1100/1500 loss 0.0006 err 0.00033 (429s)
ep 7 step 1150/1500 loss 0.0005 err 0.00032 (445s)
ep 7 step 1200/1500 loss 0.0004 err 0.00027 (461s)
== epoch 7 val disagreement 0.00026 (max 0.00045)
ep 8 step 1250/1500 loss 0.0005 err 0.00030 (478s)
ep 8 step 1300/1500 loss 0.0004 err 0.00030 (494s)
ep 8 step 1350/1500 loss 0.0004 err 0.00026 (510s)
== epoch 8 val disagreement 0.00027 (max 0.00042)
ep 9 step 1400/1500 loss 0.0002 err 0.00015 (527s)
ep 9 step 1450/1500 loss 0.0003 err 0.00028 (543s)
ep 9 step 1500/1500 loss 0.0003 err 0.00027 (559s)
== epoch 9 val disagreement 0.00024 (max 0.00041)
== 전체 600장 disagreement 0.000250 → seg 항 0.0250
