renderer params: 81,899 (cuda)
[livevis] http://localhost:8020/ 에서 실시간으로 확인하세요
ep 0 step 50/1500 loss 0.0003 err 0.00043 (38s)
ep 0 step 100/1500 loss 0.0005 err 0.00074 (53s)
ep 0 step 150/1500 loss 0.0003 err 0.00047 (67s)
== epoch 0 val disagreement 0.00045 (max 0.00074)
ep 1 step 200/1500 loss 0.0005 err 0.00060 (125s)
ep 1 step 250/1500 loss 0.0003 err 0.00044 (140s)
ep 1 step 300/1500 loss 0.0003 err 0.00049 (155s)
== epoch 1 val disagreement 0.00044 (max 0.00079)
ep 2 step 350/1500 loss 0.0004 err 0.00058 (171s)
ep 2 step 400/1500 loss 0.0004 err 0.00059 (187s)
ep 2 step 450/1500 loss 0.0003 err 0.00033 (202s)
== epoch 2 val disagreement 0.00044 (max 0.00074)
ep 3 step 500/1500 loss 0.0003 err 0.00039 (218s)
ep 3 step 550/1500 loss 0.0004 err 0.00059 (234s)
ep 3 step 600/1500 loss 0.0004 err 0.00058 (249s)
== epoch 3 val disagreement 0.00041 (max 0.00072)
ep 4 step 650/1500 loss 0.0003 err 0.00037 (266s)
ep 4 step 700/1500 loss 0.0003 err 0.00042 (281s)
ep 4 step 750/1500 loss 0.0003 err 0.00043 (298s)
== epoch 4 val disagreement 0.00039 (max 0.00074)
ep 5 step 800/1500 loss 0.0009 err 0.00047 (315s)
ep 5 step 850/1500 loss 0.0008 err 0.00036 (331s)
ep 5 step 900/1500 loss 0.0008 err 0.00040 (347s)
== epoch 5 val disagreement 0.00037 (max 0.00061)
ep 6 step 950/1500 loss 0.0008 err 0.00048 (364s)
ep 6 step 1000/1500 loss 0.0007 err 0.00038 (380s)
ep 6 step 1050/1500 loss 0.0006 err 0.00031 (396s)
== epoch 6 val disagreement 0.00038 (max 0.00063)
ep 7 step 1100/1500 loss 0.0008 err 0.00053 (413s)
ep 7 step 1150/1500 loss 0.0006 err 0.00035 (429s)
ep 7 step 1200/1500 loss 0.0005 err 0.00035 (445s)
== epoch 7 val disagreement 0.00034 (max 0.00057)
ep 8 step 1250/1500 loss 0.0006 err 0.00043 (462s)
ep 8 step 1300/1500 loss 0.0005 err 0.00039 (478s)
ep 8 step 1350/1500 loss 0.0004 err 0.00033 (494s)
== epoch 8 val disagreement 0.00034 (max 0.00054)
ep 9 step 1400/1500 loss 0.0003 err 0.00024 (511s)
ep 9 step 1450/1500 loss 0.0004 err 0.00034 (527s)
ep 9 step 1500/1500 loss 0.0005 err 0.00038 (542s)
== epoch 9 val disagreement 0.00033 (max 0.00055)
== 전체 600장 disagreement 0.000348 → seg 항 0.0348
