renderer params: 81,899 (cuda)
[livevis] http://localhost:8020/ 에서 실시간으로 확인하세요
ep 0 step 50/1500 loss 0.0003 err 0.00032 (40s)
ep 0 step 100/1500 loss 0.0004 err 0.00066 (56s)
ep 0 step 150/1500 loss 0.0003 err 0.00038 (72s)
== epoch 0 val disagreement 0.00033 (max 0.00055)
ep 1 step 200/1500 loss 0.0004 err 0.00050 (135s)
ep 1 step 250/1500 loss 0.0003 err 0.00037 (152s)
ep 1 step 300/1500 loss 0.0003 err 0.00033 (168s)
== epoch 1 val disagreement 0.00038 (max 0.00067)
ep 2 step 350/1500 loss 0.0003 err 0.00047 (185s)
ep 2 step 400/1500 loss 0.0003 err 0.00042 (201s)
ep 2 step 450/1500 loss 0.0002 err 0.00034 (217s)
== epoch 2 val disagreement 0.00037 (max 0.00090)
ep 3 step 500/1500 loss 0.0003 err 0.00036 (234s)
ep 3 step 550/1500 loss 0.0004 err 0.00049 (250s)
ep 3 step 600/1500 loss 0.0003 err 0.00041 (266s)
== epoch 3 val disagreement 0.00034 (max 0.00071)
ep 4 step 650/1500 loss 0.0003 err 0.00032 (283s)
ep 4 step 700/1500 loss 0.0003 err 0.00032 (300s)
ep 4 step 750/1500 loss 0.0003 err 0.00035 (316s)
== epoch 4 val disagreement 0.00034 (max 0.00052)
ep 5 step 800/1500 loss 0.0008 err 0.00038 (333s)
ep 5 step 850/1500 loss 0.0007 err 0.00034 (349s)
ep 5 step 900/1500 loss 0.0007 err 0.00034 (365s)
== epoch 5 val disagreement 0.00032 (max 0.00053)
ep 6 step 950/1500 loss 0.0007 err 0.00035 (382s)
ep 6 step 1000/1500 loss 0.0006 err 0.00030 (398s)
ep 6 step 1050/1500 loss 0.0005 err 0.00027 (414s)
== epoch 6 val disagreement 0.00032 (max 0.00059)
ep 7 step 1100/1500 loss 0.0006 err 0.00043 (431s)
ep 7 step 1150/1500 loss 0.0005 err 0.00030 (447s)
ep 7 step 1200/1500 loss 0.0005 err 0.00031 (464s)
== epoch 7 val disagreement 0.00027 (max 0.00047)
ep 8 step 1250/1500 loss 0.0005 err 0.00032 (481s)
ep 8 step 1300/1500 loss 0.0005 err 0.00033 (497s)
ep 8 step 1350/1500 loss 0.0004 err 0.00028 (513s)
== epoch 8 val disagreement 0.00028 (max 0.00046)
ep 9 step 1400/1500 loss 0.0003 err 0.00017 (529s)
ep 9 step 1450/1500 loss 0.0003 err 0.00027 (545s)
ep 9 step 1500/1500 loss 0.0004 err 0.00033 (561s)
== epoch 9 val disagreement 0.00026 (max 0.00048)
== 전체 600장 disagreement 0.000274 → seg 항 0.0274
